
************************* STARTING *************************

shared: &j:addrof.c:4
&j:addrof.c:4 is protected by:
  l:addrof.c:5
  concrete l:addrof.c:18
*************************** DONE ***************************


