************************* STARTING *************************

functions declared but not defined:
  __builtin_expect
  __builtin_fabs
  __builtin_fabsl
  __builtin_memset
  __builtin_next_arg
  __builtin_stdarg_start
  __builtin_strcat
  __builtin_strchr
  __builtin_strncat
  __builtin_strpbrk
  __builtin_va_arg
  __builtin_va_copy
  __builtin_va_end
  __builtin_varargs_start
shared: &x:context-sensitive4.c:4
        &y:context-sensitive4.c:4
&x:context-sensitive4.c:4 is protected by:
  *munge.l:context-sensitive4.c:17
  L1:context-sensitive4.c:3
  concrete L1:context-sensitive4.c:27
&y:context-sensitive4.c:4 is protected by:
  *munge.l:context-sensitive4.c:18
  L2:context-sensitive4.c:3
  concrete L2:context-sensitive4.c:28
*************************** DONE ***************************
