************************* STARTING *************************

functions declared but not defined:
  __builtin_expect
  __builtin_fabs
  __builtin_fabsl
  __builtin_memset
  __builtin_next_arg
  __builtin_stdarg_start
  __builtin_strcat
  __builtin_strchr
  __builtin_strncat
  __builtin_strpbrk
  __builtin_va_arg
  __builtin_va_copy
  __builtin_va_end
  __builtin_varargs_start
shared: alloc.cancel:ds-gftp.c:35
        alloc.done:ds-gftp.c:35
        alloc.numfiles:ds-gftp.c:35

Warning: Possible data race: alloc.numfiles:ds-gftp.c:35 is not protected!
 references:
  dereference at ds-gftp.c:67
    locations possibly dereferenced: 
      (**gftp_tdata_new, **tdata).numfiles:ds-gftp.c:31
      (*tdata).numfiles:ds-gftp.c:96
      alloc.numfiles:ds-gftp.c:35
    locks acquired at dereference: 
      (**tdata, **tmp, *gftp_tdata_new.return, *doit1.tdata, *doit2.tdata).statmutex:ds-gftp.c:96
      concrete tdata->statmutex::-1 -> gftp_tdata_new ds-gftp.c:96
    in: FORK at ds-gftp.c:100 -> doit2 ds-gftp.c:100 -> update_file_status ds-gftp.c:86

  dereference at ds-gftp.c:67
    locations possibly dereferenced: 
      (**gftp_tdata_new, **tdata).numfiles:ds-gftp.c:31
      (*tdata).numfiles:ds-gftp.c:96
      alloc.numfiles:ds-gftp.c:35
    locks acquired at dereference: 
      (**tdata, **tmp, *gftp_tdata_new.return, *doit1.tdata, *doit2.tdata).statmutex:ds-gftp.c:96
      concrete tdata->statmutex::-1 -> gftp_tdata_new ds-gftp.c:96
    in: main at ds-gftp.c:91 -> doit2 ds-gftp.c:100 -> update_file_status ds-gftp.c:86

  dereference at ds-gftp.c:97
    locations possibly dereferenced: 
      (**gftp_tdata_new, **tdata).numfiles:ds-gftp.c:31
      (*tdata).numfiles:ds-gftp.c:96
      alloc.numfiles:ds-gftp.c:35
    locks acquired at dereference: 
      <empty>
    in: main at ds-gftp.c:91

alloc.cancel:ds-gftp.c:35 is protected by:
  (**tdata, **tmp, *gftp_tdata_new.return, *doit1.tdata, *doit2.tdata).structmutex:ds-gftp.c:96
  concrete tdata->structmutex::-1 -> gftp_tdata_new ds-gftp.c:96
alloc.done:ds-gftp.c:35 is protected by:
  (**tdata, **tmp, *gftp_tdata_new.return, *doit1.tdata, *doit2.tdata).structmutex:ds-gftp.c:96
  concrete tdata->structmutex::-1 -> gftp_tdata_new ds-gftp.c:96
*************************** DONE ***************************
