************************* STARTING *************************

shared: alloc.other_data:ds1.c:37
        alloc.other_data:ds1.c:19
        alloc.other:ds1.c:16
        alloc.data:ds1.c:16
alloc.other_data:ds1.c:37 is protected by:
  global_lock:ds1.c:15
  concrete global_lock:ds1.c:38
alloc.other_data:ds1.c:19 is protected by:
  global_lock:ds1.c:15
  concrete global_lock:ds1.c:38
alloc.other:ds1.c:16 is protected by:
  global_lock:ds1.c:15
  concrete global_lock:ds1.c:38
alloc.data:ds1.c:16 is protected by:
  global_lock:ds1.c:15
  concrete global_lock:ds1.c:38
*************************** DONE ***************************


