************************* STARTING *************************

functions declared but not defined:
  __builtin_expect
  __builtin_fabs
  __builtin_fabsl
  __builtin_memset
  __builtin_next_arg
  __builtin_stdarg_start
  __builtin_strcat
  __builtin_strchr
  __builtin_strncat
  __builtin_strpbrk
  __builtin_va_arg
  __builtin_va_copy
  __builtin_va_end
  __builtin_varargs_start
shared: alloc.data:ds4b.c:34

Warning: Possible data race: alloc.data:ds4b.c:34 is not protected!
 references:
  dereference at ds4b.c:22
    locations possibly dereferenced: 
      (*cur).data:ds4b.c:13
      alloc.data:ds4b.c:34
    locks acquired at dereference: 
      <empty>
    in: FORK at ds4b.c:40 -> run ds4b.c:40

  dereference at ds4b.c:22
    locations possibly dereferenced: 
      (*cur).data:ds4b.c:13
      alloc.data:ds4b.c:34
    locks acquired at dereference: 
      <empty>
    in: FORK at ds4b.c:39 -> run ds4b.c:39

  dereference at ds4b.c:22
    locations possibly dereferenced: 
      (*cur).data:ds4b.c:13
      alloc.data:ds4b.c:34
    locks acquired at dereference: 
      <empty>
    in: main at ds4b.c:29 -> run ds4b.c:40

  dereference at ds4b.c:22
    locations possibly dereferenced: 
      (*cur).data:ds4b.c:13
      alloc.data:ds4b.c:34
    locks acquired at dereference: 
      <empty>
    in: main at ds4b.c:29 -> run ds4b.c:39

*************************** DONE ***************************
