************************* STARTING *************************

shared: alloc.data:ds5.c:38
        alloc.data:ds5.c:32

Warning: Possible data race: alloc.data:ds5.c:38 is protected by non-linear or concrete lock(s):
  (*cur).lock:ds5.c:12
  (*new).lock:ds5.c:31
  non linear concrete new->lock:ds5.c:34
  (*new___0).lock:ds5.c:38
  non linear concrete new___0->lock:ds5.c:40
 references:
  dereference at ds5.c:19
    locations possibly dereferenced: 
      (*cur).data:ds5.c:12
      alloc.data:ds5.c:38
      alloc.data:ds5.c:32
    locks acquired at dereference: 
      (*cur).lock:ds5.c:12
      (*new).lock:ds5.c:31
      non linear concrete new->lock:ds5.c:34
      (*new___0).lock:ds5.c:38
      non linear concrete new___0->lock:ds5.c:40
    in: FORK at ds5.c:44 -> run ds5.c:44

  dereference at ds5.c:19
    locations possibly dereferenced: 
      (*cur).data:ds5.c:12
      alloc.data:ds5.c:38
      alloc.data:ds5.c:32
    locks acquired at dereference: 
      (*cur).lock:ds5.c:12
      (*new).lock:ds5.c:31
      non linear concrete new->lock:ds5.c:34
      (*new___0).lock:ds5.c:38
      non linear concrete new___0->lock:ds5.c:40
    in: FORK at ds5.c:43 -> run ds5.c:43

  dereference at ds5.c:19
    locations possibly dereferenced: 
      (*cur).data:ds5.c:12
      alloc.data:ds5.c:38
      alloc.data:ds5.c:32
    locks acquired at dereference: 
      (*cur).lock:ds5.c:12
      (*new).lock:ds5.c:31
      non linear concrete new->lock:ds5.c:34
      (*new___0).lock:ds5.c:38
      non linear concrete new___0->lock:ds5.c:40
    in: main at ds5.c:37 -> run ds5.c:44

  dereference at ds5.c:19
    locations possibly dereferenced: 
      (*cur).data:ds5.c:12
      alloc.data:ds5.c:38
      alloc.data:ds5.c:32
    locks acquired at dereference: 
      (*cur).lock:ds5.c:12
      (*new).lock:ds5.c:31
      non linear concrete new->lock:ds5.c:34
      (*new___0).lock:ds5.c:38
      non linear concrete new___0->lock:ds5.c:40
    in: main at ds5.c:37 -> run ds5.c:43


Warning: Possible data race: alloc.data:ds5.c:32 is protected by non-linear or concrete lock(s):
  (*cur).lock:ds5.c:12
  (*new).lock:ds5.c:31
  non linear concrete new->lock:ds5.c:34
  (*new___0).lock:ds5.c:38
  non linear concrete new___0->lock:ds5.c:40
 references:
  dereference at ds5.c:19
    locations possibly dereferenced: 
      (*cur).data:ds5.c:12
      alloc.data:ds5.c:38
      alloc.data:ds5.c:32
    locks acquired at dereference: 
      (*cur).lock:ds5.c:12
      (*new).lock:ds5.c:31
      non linear concrete new->lock:ds5.c:34
      (*new___0).lock:ds5.c:38
      non linear concrete new___0->lock:ds5.c:40
    in: FORK at ds5.c:44 -> run ds5.c:44

  dereference at ds5.c:19
    locations possibly dereferenced: 
      (*cur).data:ds5.c:12
      alloc.data:ds5.c:38
      alloc.data:ds5.c:32
    locks acquired at dereference: 
      (*cur).lock:ds5.c:12
      (*new).lock:ds5.c:31
      non linear concrete new->lock:ds5.c:34
      (*new___0).lock:ds5.c:38
      non linear concrete new___0->lock:ds5.c:40
    in: FORK at ds5.c:43 -> run ds5.c:43

  dereference at ds5.c:19
    locations possibly dereferenced: 
      (*cur).data:ds5.c:12
      alloc.data:ds5.c:38
      alloc.data:ds5.c:32
    locks acquired at dereference: 
      (*cur).lock:ds5.c:12
      (*new).lock:ds5.c:31
      non linear concrete new->lock:ds5.c:34
      (*new___0).lock:ds5.c:38
      non linear concrete new___0->lock:ds5.c:40
    in: main at ds5.c:37 -> run ds5.c:44

  dereference at ds5.c:19
    locations possibly dereferenced: 
      (*cur).data:ds5.c:12
      alloc.data:ds5.c:38
      alloc.data:ds5.c:32
    locks acquired at dereference: 
      (*cur).lock:ds5.c:12
      (*new).lock:ds5.c:31
      non linear concrete new->lock:ds5.c:34
      (*new___0).lock:ds5.c:38
      non linear concrete new___0->lock:ds5.c:40
    in: main at ds5.c:37 -> run ds5.c:43

*************************** DONE ***************************


