************************* STARTING *************************


forkloop.c:5: Warning: subtyping incompatible types:
int
(void)
shared: &i:forkloop.c:10

Warning: Possible data race: &i:forkloop.c:10 is not protected!
 references:
  dereference at forkloop.c:5
    locations possibly dereferenced: 
      &i:forkloop.c:10
      dostuff.a:forkloop.c:12
    locks acquired at dereference: 
      <empty>
    in: FORK at forkloop.c:12 -> dostuff forkloop.c:12

  dereference at forkloop.c:5
    locations possibly dereferenced: 
      &i:forkloop.c:10
      dostuff.a:forkloop.c:12
    locks acquired at dereference: 
      <empty>
    in: main at forkloop.c:12 -> dostuff forkloop.c:12

*************************** DONE ***************************


