************************* STARTING *************************


forkloop3.c:5: Warning: subtyping incompatible types:
int
(void)
shared: alloc:forkloop3.c:11

Warning: Possible data race: alloc:forkloop3.c:11 is not protected!
 references:
  dereference at forkloop3.c:5
    locations possibly dereferenced: 
      mem:forkloop3.c:11
      tmp::-1
      alloc:forkloop3.c:11
      dostuff.a:forkloop3.c:13
    locks acquired at dereference: 
      <empty>
    in: FORK at forkloop3.c:13 -> dostuff forkloop3.c:13

  dereference at forkloop3.c:12
    locations possibly dereferenced: 
      mem:forkloop3.c:11
      tmp::-1
      alloc:forkloop3.c:11
    locks acquired at dereference: 
      <empty>
    in: main at forkloop3.c:13

  dereference at forkloop3.c:14
    locations possibly dereferenced: 
      mem:forkloop3.c:11
      tmp::-1
      alloc:forkloop3.c:11
    locks acquired at dereference: 
      <empty>
    in: main at forkloop3.c:13

  dereference at forkloop3.c:5
    locations possibly dereferenced: 
      mem:forkloop3.c:11
      tmp::-1
      alloc:forkloop3.c:11
      dostuff.a:forkloop3.c:13
    locks acquired at dereference: 
      <empty>
    in: main at forkloop3.c:13 -> dostuff forkloop3.c:13

*************************** DONE ***************************


