************************* STARTING *************************

shared: &i:function-pointer5.c:6

Warning: Possible data race: &i:function-pointer5.c:6 is not protected!
 references:
  dereference of &i:function-pointer5.c:6 at function-pointer5.c:10
    &i:function-pointer5.c:6
  locks acquired:
    <empty>
  in: FORK at function-pointer5.c:18 
             

  dereference of &i:function-pointer5.c:6 at function-pointer5.c:10
    &i:function-pointer5.c:6
  locks acquired:
    <empty>
  in: FORK at function-pointer5.c:18  -> function-pointer5.c:11
             

  dereference of &i:function-pointer5.c:6 at function-pointer5.c:10
    &i:function-pointer5.c:6
  locks acquired:
    <empty>
  in: main at function-pointer5.c:16 
             

  dereference of &i:function-pointer5.c:6 at function-pointer5.c:10
    &i:function-pointer5.c:6
  locks acquired:
    <empty>
  in: main at function-pointer5.c:16  -> function-pointer5.c:19
             

  dereference of &i:function-pointer5.c:6 at function-pointer5.c:10
    &i:function-pointer5.c:6
  locks acquired:
    <empty>
  in: main at function-pointer5.c:16  -> function-pointer5.c:11
             

  dereference of &i:function-pointer5.c:6 at function-pointer5.c:10
    &i:function-pointer5.c:6
  locks acquired:
    <empty>
  in: main at function-pointer5.c:16  -> function-pointer5.c:19
                          

  dereference of &i:function-pointer5.c:6 at function-pointer5.c:10
    &i:function-pointer5.c:6
  locks acquired:
    <empty>
  in: main at function-pointer5.c:16  -> function-pointer5.c:19 -> function-pointer5.c:11
             

*************************** DONE ***************************
