************************* STARTING *************************

functions declared but not defined:
  __builtin_expect
  __builtin_fabs
  __builtin_fabsl
  __builtin_memset
  __builtin_next_arg
  __builtin_stdarg_start
  __builtin_strcat
  __builtin_strchr
  __builtin_strncat
  __builtin_strpbrk
  __builtin_va_arg
  __builtin_va_copy
  __builtin_va_end
  __builtin_varargs_start
shared: alloc:malloc2.c:16
        alloc:malloc2.c:17

Warning: Possible data race: alloc:malloc2.c:16 is not protected!
 references:
  dereference at malloc2.c:9
    locations possibly dereferenced: 
      *a:malloc2.c:17
      *id.a:malloc2.c:20
      *tmp___0::-1
      alloc:malloc2.c:16
      i:malloc2.c:16
      tmp::-1
    locks acquired at dereference: 
      <empty>
    in: FORK at malloc2.c:19 -> dostuff malloc2.c:19

  dereference at malloc2.c:9
    locations possibly dereferenced: 
      *a:malloc2.c:17
      *id.a:malloc2.c:20
      *tmp___0::-1
      alloc:malloc2.c:16
      i:malloc2.c:16
      tmp::-1
    locks acquired at dereference: 
      <empty>
    in: main at malloc2.c:15 -> dostuff malloc2.c:19

  dereference at malloc2.c:13
    locations possibly dereferenced: 
      *a:malloc2.c:17
      *id.a:malloc2.c:20
      *tmp___0::-1
      alloc:malloc2.c:16
      i:malloc2.c:16
      tmp::-1
    locks acquired at dereference: 
      <empty>
    in: main at malloc2.c:15 -> id malloc2.c:20


Warning: Possible data race: alloc:malloc2.c:17 is not protected!
 references:
  dereference at malloc2.c:9
    locations possibly dereferenced: 
      a:malloc2.c:17
      alloc:malloc2.c:17
      dostuff.a:malloc2.c:19
      tmp___0::-1
    locks acquired at dereference: 
      <empty>
    in: FORK at malloc2.c:19 -> dostuff malloc2.c:19

  dereference at malloc2.c:9
    locations possibly dereferenced: 
      a:malloc2.c:17
      alloc:malloc2.c:17
      dostuff.a:malloc2.c:19
      tmp___0::-1
    locks acquired at dereference: 
      <empty>
    in: main at malloc2.c:15 -> dostuff malloc2.c:19

  dereference at malloc2.c:13
    locations possibly dereferenced: 
      a:malloc2.c:17
      alloc:malloc2.c:17
      dostuff.a:malloc2.c:19
      id.a:malloc2.c:20
      tmp___0::-1
    locks acquired at dereference: 
      <empty>
    in: main at malloc2.c:15 -> id malloc2.c:20

*************************** DONE ***************************
