************************* STARTING *************************

functions declared but not defined:
  __builtin_expect
  __builtin_fabs
  __builtin_fabsl
  __builtin_memset
  __builtin_next_arg
  __builtin_stdarg_start
  __builtin_strcat
  __builtin_strchr
  __builtin_strncat
  __builtin_strpbrk
  __builtin_va_arg
  __builtin_va_copy
  __builtin_va_end
  __builtin_varargs_start
shared: alloc.bar:recursive1.c:10
alloc.bar:recursive1.c:10 is protected by:
  concrete l:recursive1.c:32
  l:recursive1.c:17
*************************** DONE ***************************
