************************* STARTING *************************

functions declared but not defined:
  __builtin_expect
  __builtin_fabs
  __builtin_fabsl
  __builtin_memset
  __builtin_next_arg
  __builtin_stdarg_start
  __builtin_strcat
  __builtin_strchr
  __builtin_strncat
  __builtin_strpbrk
  __builtin_va_arg
  __builtin_va_copy
  __builtin_va_end
  __builtin_varargs_start
shared: &j:recursive2.c:4
&j:recursive2.c:4 is protected by:
  *l:recursive2.c:17
  *rec.return:recursive2.c:30
  concrete *t::-1 -> rec recursive2.c:30
  concrete *t::-1 -> rec recursive2.c:30 -> rec recursive2.c:10
*************************** DONE ***************************
