************************* STARTING *************************

functions declared but not defined:
  __builtin_expect
  __builtin_fabs
  __builtin_fabsl
  __builtin_memset
  __builtin_next_arg
  __builtin_stdarg_start
  __builtin_strcat
  __builtin_strchr
  __builtin_strncat
  __builtin_strpbrk
  __builtin_va_arg
  __builtin_va_copy
  __builtin_va_end
  __builtin_varargs_start
shared: &foo:simple8.c:10

Warning: Possible data race: &foo:simple8.c:10 is not protected!
 references:
  dereference at simple8.c:7
    locations possibly dereferenced: 
      &foo:simple8.c:10
      f.j:simple8.c:13
    locks acquired at dereference: 
      <empty>
    in: FORK at simple8.c:13 -> f simple8.c:13

  dereference at simple8.c:7
    locations possibly dereferenced: 
      &foo:simple8.c:10
      f.j:simple8.c:12
    locks acquired at dereference: 
      <empty>
    in: FORK at simple8.c:12 -> f simple8.c:12

  dereference at simple8.c:7
    locations possibly dereferenced: 
      &foo:simple8.c:10
      f.j:simple8.c:13
    locks acquired at dereference: 
      <empty>
    in: main at simple8.c:9 -> f simple8.c:13

  dereference at simple8.c:7
    locations possibly dereferenced: 
      &foo:simple8.c:10
      f.j:simple8.c:12
    locks acquired at dereference: 
      <empty>
    in: main at simple8.c:9 -> f simple8.c:12

*************************** DONE ***************************
