************************* STARTING *************************


simple01.c:5: Warning: subtyping incompatible types:
int
(void)

simple01.c:10: Warning: subtyping incompatible types:
(a: (void)*^{dostuff.a:simple01.c:10},
 in at simple01.c:10)
->^{(Er_reannot-insimple01.c:10,
     Ew_reannot-insimple01.c:10,
     Es_dummy:-1,
    ),
    (Er_reannot-outsimple01.c:10,
     Ew_reannot-outsimple01.c:10,
     Es_dummy:-1,
    )}
((void)*^{dostuff.return:simple01.c:10},
 out at simple01.c:10)
int

simple01.c:10: Warning: subtyping incompatible types:
int
(a: (void)*^{dostuff.a:simple01.c:10},
 in at simple01.c:10)
->^{(Er_reannot-insimple01.c:10,
     Ew_reannot-insimple01.c:10,
     Es_dummy:-1,
    ),
    (Er_reannot-outsimple01.c:10,
     Ew_reannot-outsimple01.c:10,
     Es_dummy:-1,
    )}
((void)*^{dostuff.return:simple01.c:10},
 out at simple01.c:10)
functions declared but not defined:
  __builtin_expect
  __builtin_fabs
  __builtin_fabsl
  __builtin_memset
  __builtin_next_arg
  __builtin_stdarg_start
  __builtin_strcat
  __builtin_strchr
  __builtin_strncat
  __builtin_strpbrk
  __builtin_va_arg
  __builtin_va_copy
  __builtin_va_end
  __builtin_varargs_start
shared: <empty>
*************************** DONE ***************************
