************************* STARTING *************************

functions declared but not defined:
  __builtin_expect
  __builtin_fabs
  __builtin_fabsl
  __builtin_memset
  __builtin_next_arg
  __builtin_stdarg_start
  __builtin_strcat
  __builtin_strchr
  __builtin_strncat
  __builtin_strpbrk
  __builtin_va_arg
  __builtin_va_copy
  __builtin_va_end
  __builtin_varargs_start
shared: &shared:simple3.c:5
&shared:simple3.c:5 is protected by:
  concrete lock::-1 -> doit simple3.c:23
  concrete lock:simple3.c:16
  lock:simple3.c:4
*************************** DONE ***************************
