************************* STARTING *************************

functions declared but not defined:
  __builtin_expect
  __builtin_fabs
  __builtin_fabsl
  __builtin_memset
  __builtin_next_arg
  __builtin_stdarg_start
  __builtin_strcat
  __builtin_strchr
  __builtin_strncat
  __builtin_strpbrk
  __builtin_va_arg
  __builtin_va_copy
  __builtin_va_end
  __builtin_varargs_start
shared: &non_protected:simple4.c:7
        &shared:simple4.c:6
&shared:simple4.c:6 is protected by:
  concrete lock::-1 -> doit simple4.c:26
  concrete lock:simple4.c:19
  lock:simple4.c:5

Warning: Possible data race: &non_protected:simple4.c:7 is not protected!
 references:
  dereference at simple4.c:13
    locations possibly dereferenced: 
      &non_protected:simple4.c:7
    locks acquired at dereference: 
      <empty>
    in: main at simple4.c:24 -> doit simple4.c:26 -> run simple4.c:21

  dereference at simple4.c:13
    locations possibly dereferenced: 
      &non_protected:simple4.c:7
    locks acquired at dereference: 
      <empty>
    in: FORK at simple4.c:21 -> run simple4.c:21

  dereference at simple4.c:13
    locations possibly dereferenced: 
      &non_protected:simple4.c:7
    locks acquired at dereference: 
      <empty>
    in: FORK at simple4.c:20 -> run simple4.c:20

*************************** DONE ***************************
