************************* STARTING *************************

functions declared but not defined:
  __builtin_expect
  __builtin_fabs
  __builtin_fabsl
  __builtin_memset
  __builtin_next_arg
  __builtin_stdarg_start
  __builtin_strcat
  __builtin_strchr
  __builtin_strncat
  __builtin_strpbrk
  __builtin_va_arg
  __builtin_va_copy
  __builtin_va_end
  __builtin_varargs_start
shared: &j:switch2.c:4

Warning: Possible data race: &j:switch2.c:4 is not protected!
 references:
  dereference at switch2.c:17
    locations possibly dereferenced: 
      &j:switch2.c:4
    locks acquired at dereference: 
      concrete l:switch2.c:24
      l:switch2.c:5
    in: FORK at switch2.c:28 -> dostuff switch2.c:28

  dereference at switch2.c:8
    locations possibly dereferenced: 
      &j:switch2.c:4
    locks acquired at dereference: 
      <empty>
    in: main at switch2.c:22 -> f switch2.c:27

  dereference at switch2.c:17
    locations possibly dereferenced: 
      &j:switch2.c:4
    locks acquired at dereference: 
      concrete l:switch2.c:24
      l:switch2.c:5
    in: main at switch2.c:22 -> dostuff switch2.c:28

*************************** DONE ***************************
