************************* STARTING *************************


test3b.c:15: Warning: lock is conflated! (*l:test3b.c:4)

test3b.c:15: Warning: assigning number to pointer

test3b.c:24: Warning: subtyping incompatible types:
int
(void)
functions declared but not defined:
  __builtin_expect
  __builtin_fabs
  __builtin_fabsl
  __builtin_memset
  __builtin_next_arg
  __builtin_stdarg_start
  __builtin_strcat
  __builtin_strchr
  __builtin_strncat
  __builtin_strpbrk
  __builtin_va_arg
  __builtin_va_copy
  __builtin_va_end
  __builtin_varargs_start
  printf
shared: &i:test3b.c:28

Warning: Possible data race: &i:test3b.c:28 is not protected!
 references:
  dereference at test3b.c:24
    locations possibly dereferenced: 
      &i:test3b.c:28
      dostuff.a:test3b.c:31
    locks acquired at dereference: 
      <empty>
    in: FORK at test3b.c:31 -> dostuff test3b.c:31

  dereference at test3b.c:24
    locations possibly dereferenced: 
      &i:test3b.c:28
      dostuff.a:test3b.c:31
    locks acquired at dereference: 
      <empty>
    in: main at test3b.c:27 -> dostuff test3b.c:31

  dereference at test3b.c:32
    locations possibly dereferenced: 
      &i:test3b.c:28
    locks acquired at dereference: 
      <empty>
    in: main at test3b.c:27

*************************** DONE ***************************
