************************* STARTING *************************

functions declared but not defined:
  __builtin_expect
  __builtin_fabs
  __builtin_fabsl
  __builtin_memset
  __builtin_next_arg
  __builtin_stdarg_start
  __builtin_strcat
  __builtin_strchr
  __builtin_strncat
  __builtin_strpbrk
  __builtin_va_arg
  __builtin_va_copy
  __builtin_va_end
  __builtin_varargs_start
shared: &j:test1.c:4

Warning: Possible data race: &j:test1.c:4 is not protected!
 references:
  dereference at test1.c:12
    locations possibly dereferenced: 
      &j:test1.c:4
    locks acquired at dereference: 
      concrete l::-1 -> dostuff test1.c:21
    in: FORK at test1.c:21 -> dostuff test1.c:21

  dereference at test1.c:12
    locations possibly dereferenced: 
      &j:test1.c:4
    locks acquired at dereference: 
      concrete l::-1 -> dostuff test1.c:20
    in: FORK at test1.c:20 -> dostuff test1.c:20

  dereference at test1.c:12
    locations possibly dereferenced: 
      &j:test1.c:4
    locks acquired at dereference: 
      concrete l::-1 -> dostuff test1.c:21
    in: main at test1.c:17 -> dostuff test1.c:21

  dereference at test1.c:12
    locations possibly dereferenced: 
      &j:test1.c:4
    locks acquired at dereference: 
      concrete l::-1 -> dostuff test1.c:20
    in: main at test1.c:17 -> dostuff test1.c:20

*************************** DONE ***************************
