************************* STARTING *************************

functions declared but not defined:
  __builtin_expect
  __builtin_fabs
  __builtin_fabsl
  __builtin_memset
  __builtin_next_arg
  __builtin_stdarg_start
  __builtin_strcat
  __builtin_strchr
  __builtin_strncat
  __builtin_strpbrk
  __builtin_va_arg
  __builtin_va_copy
  __builtin_va_end
  __builtin_varargs_start
shared: &j:uniq3.c:5

Warning: Possible data race: &j:uniq3.c:5 is not protected!
 references:
  dereference at uniq3.c:15
    locations possibly dereferenced: 
      &j:uniq3.c:5
    locks acquired at dereference: 
      <empty>
    in: FORK at uniq3.c:28 -> dostuff uniq3.c:28

  dereference at uniq3.c:17
    locations possibly dereferenced: 
      &j:uniq3.c:5
    locks acquired at dereference: 
      concrete l:uniq3.c:25
      l:uniq3.c:6
    in: FORK at uniq3.c:28 -> dostuff uniq3.c:28

  dereference at uniq3.c:15
    locations possibly dereferenced: 
      &j:uniq3.c:5
    locks acquired at dereference: 
      <empty>
    in: FORK at uniq3.c:27 -> dostuff uniq3.c:27

  dereference at uniq3.c:17
    locations possibly dereferenced: 
      &j:uniq3.c:5
    locks acquired at dereference: 
      concrete l:uniq3.c:25
      l:uniq3.c:6
    in: FORK at uniq3.c:27 -> dostuff uniq3.c:27

  dereference at uniq3.c:15
    locations possibly dereferenced: 
      &j:uniq3.c:5
    locks acquired at dereference: 
      <empty>
    in: main at uniq3.c:23 -> dostuff uniq3.c:28

  dereference at uniq3.c:15
    locations possibly dereferenced: 
      &j:uniq3.c:5
    locks acquired at dereference: 
      <empty>
    in: main at uniq3.c:23 -> dostuff uniq3.c:27

  dereference at uniq3.c:17
    locations possibly dereferenced: 
      &j:uniq3.c:5
    locks acquired at dereference: 
      concrete l:uniq3.c:25
      l:uniq3.c:6
    in: main at uniq3.c:23 -> dostuff uniq3.c:28

  dereference at uniq3.c:17
    locations possibly dereferenced: 
      &j:uniq3.c:5
    locks acquired at dereference: 
      concrete l:uniq3.c:25
      l:uniq3.c:6
    in: main at uniq3.c:23 -> dostuff uniq3.c:27

*************************** DONE ***************************
