************************* STARTING *************************

functions declared but not defined:
  __builtin_expect
  __builtin_fabs
  __builtin_fabsl
  __builtin_memset
  __builtin_next_arg
  __builtin_stdarg_start
  __builtin_strcat
  __builtin_strchr
  __builtin_strncat
  __builtin_strpbrk
  __builtin_va_arg
  __builtin_va_copy
  __builtin_va_end
  __builtin_varargs_start
shared: &j:uniq.c:6
        alloc:uniq.c:15
&j:uniq.c:6 is protected by:
  concrete l:uniq.c:26
  l:uniq.c:7
alloc:uniq.c:15 is protected by:
  concrete l:uniq.c:26
  l:uniq.c:7
*************************** DONE ***************************
