************************* STARTING *************************

functions declared but not defined:
  __builtin_expect
  __builtin_fabs
  __builtin_fabsl
  __builtin_memset
  __builtin_next_arg
  __builtin_stdarg_start
  __builtin_strcat
  __builtin_strchr
  __builtin_strncat
  __builtin_strpbrk
  __builtin_va_arg
  __builtin_va_copy
  __builtin_va_end
  __builtin_varargs_start
shared: &g:uniq5.c:4
        alloc:uniq5.c:8
&g:uniq5.c:4 is protected by:
  concrete l:uniq5.c:20
  l:uniq5.c:5
alloc:uniq5.c:8 is protected by:
  concrete l:uniq5.c:20
  l:uniq5.c:5
*************************** DONE ***************************
