************************* STARTING *************************

functions declared but not defined:
  __builtin_expect
  __builtin_fabs
  __builtin_fabsl
  __builtin_memset
  __builtin_next_arg
  __builtin_stdarg_start
  __builtin_strcat
  __builtin_strchr
  __builtin_strncat
  __builtin_strpbrk
  __builtin_va_arg
  __builtin_va_copy
  __builtin_va_end
  __builtin_varargs_start
shared: alloc:va_list1.c:16

Warning: Possible data race: alloc:va_list1.c:16 is not protected!
 references:
  dereference at va_list1.c:34
    locations possibly dereferenced: 
      alloc:va_list1.c:16
      req:va_list1.c:10
    locks acquired at dereference: 
      <empty>
    in: FORK at va_list1.c:17 -> signal_waiter va_list1.c:17

  dereference at va_list1.c:24
    locations possibly dereferenced: 
      alloc:va_list1.c:16
      req:va_list1.c:10
    locks acquired at dereference: 
      <empty>
    in: main at va_list1.c:13 -> resume_get va_list1.c:19

  dereference at va_list1.c:34
    locations possibly dereferenced: 
      alloc:va_list1.c:16
      req:va_list1.c:10
    locks acquired at dereference: 
      <empty>
    in: main at va_list1.c:13 -> signal_waiter va_list1.c:17

*************************** DONE ***************************
