************************* STARTING *************************

functions declared but not defined:
  __builtin_expect
  __builtin_fabs
  __builtin_fabsl
  __builtin_memset
  __builtin_next_arg
  __builtin_stdarg_start
  __builtin_strcat
  __builtin_strchr
  __builtin_strncat
  __builtin_strpbrk
  __builtin_va_arg
  __builtin_va_copy
  __builtin_va_end
  __builtin_varargs_start
shared: &a:voidptr2.c:9

Warning: Possible data race: &a:voidptr2.c:9 is not protected!
 references:
  dereference at voidptr2.c:5
    locations possibly dereferenced: 
      &a:voidptr2.c:9
      dostuff.x:voidptr2.c:11
      dostuff.x:voidptr2.c:12
    locks acquired at dereference: 
      <empty>
    in: FORK at voidptr2.c:12 -> dostuff voidptr2.c:12

  dereference at voidptr2.c:5
    locations possibly dereferenced: 
      &a:voidptr2.c:9
      dostuff.x:voidptr2.c:11
      dostuff.x:voidptr2.c:12
    locks acquired at dereference: 
      <empty>
    in: FORK at voidptr2.c:11 -> dostuff voidptr2.c:11

  dereference at voidptr2.c:5
    locations possibly dereferenced: 
      &a:voidptr2.c:9
      dostuff.x:voidptr2.c:11
      dostuff.x:voidptr2.c:12
    locks acquired at dereference: 
      <empty>
    in: main at voidptr2.c:8 -> dostuff voidptr2.c:12

  dereference at voidptr2.c:5
    locations possibly dereferenced: 
      &a:voidptr2.c:9
      dostuff.x:voidptr2.c:11
      dostuff.x:voidptr2.c:12
    locks acquired at dereference: 
      <empty>
    in: main at voidptr2.c:8 -> dostuff voidptr2.c:11

*************************** DONE ***************************
